2026-02-06 13:23:23,254 - CacheManager - INFO - [Cache] RAM Loaded: 127 market mappings

    ____        __                      __     _____                 ____  __           
   / __ \____  / /_  ______ ___  ____  / /_   / ___/____  ___  ___  / __ \/ /___  ____  
  / /_/ / __ \/ / / / / __ `__ \/ __ \/ __/   \__ \/ __ \/ _ \/ _ \/ / / / / __ \/ __ \ 
 / ____/ /_/ / / /_/ / / / / / / / / / /_    ___/ / /_/ /  __/  __/ /_/ / / /_/ / /_/ / 
/_/    \____/_/\__, /_/ /_/ /_/_/ /_/\__/   /____/ .___/\___/\___/_____/_/\____/ .___/  
              /____/                              /_/                           /_/       
              
    >> SYSTEM: APU (Arbitrage Processing Unit)
    >> MODE:   Hybrid (Poly/Betfair)
    >> STATUS: ONLINE

>> STARTING REALTIME MODE (WSS)...
>> [Warmup] Initializing realtime engine...
2026-02-06 13:23:23,260 - CacheManager - INFO - [Cache] RAM Loaded: 7713 entities across 11 sports
2026-02-06 13:23:24,584 - src.execution.clob_executor - INFO - [CLOB] Client initialized successfully
>> [System] OrderManager Initialized (DryRun: True)
>> [Warmup] Syncing token IDs...
2026-02-06 13:23:24,584 - src.data.gamma_client - INFO - [Polymarket] \U0001f30a OPENING THE TAP - Broad Ingestion Pattern (Parallel)...
2026-02-06 13:23:25,726 - httpx - INFO - HTTP Request: GET https://gamma-api.polymarket.com/markets?limit=100&offset=0&order=volume&ascending=false&closed=false&tag_id=10341 "HTTP/2 200 OK"
2026-02-06 13:23:25,739 - httpx - INFO - HTTP Request: GET https://gamma-api.polymarket.com/markets?limit=100&offset=0&order=volume&ascending=false&closed=false&tag_id=100032 "HTTP/2 200 OK"
2026-02-06 13:23:25,741 - httpx - INFO - HTTP Request: GET https://gamma-api.polymarket.com/markets?limit=100&offset=0&order=volume&ascending=false&closed=false&tag_id=10345 "HTTP/2 200 OK"
2026-02-06 13:23:25,740 - httpx - INFO - HTTP Request: GET https://gamma-api.polymarket.com/markets?limit=100&offset=0&order=volume&ascending=false&closed=false&tag_id=10343 "HTTP/2 200 OK"
2026-02-06 13:23:25,754 - httpx - INFO - HTTP Request: GET https://gamma-api.polymarket.com/markets?limit=100&offset=0&order=volume&ascending=false&closed=false&tag_id=10271 "HTTP/2 200 OK"
2026-02-06 13:23:25,792 - httpx - INFO - HTTP Request: GET https://gamma-api.polymarket.com/markets?limit=100&offset=0&order=volume&ascending=false&closed=false&tag_id=10344 "HTTP/2 200 OK"
2026-02-06 13:23:25,837 - httpx - INFO - HTTP Request: GET https://gamma-api.polymarket.com/markets?limit=100&offset=0&order=volume&ascending=false&closed=false&tag_id=10672 "HTTP/2 200 OK"
2026-02-06 13:23:25,849 - httpx - INFO - HTTP Request: GET https://gamma-api.polymarket.com/markets?limit=100&offset=0&order=volume&ascending=false&closed=false&tag_id=10340 "HTTP/2 200 OK"
2026-02-06 13:23:25,850 - httpx - INFO - HTTP Request: GET https://gamma-api.polymarket.com/markets?limit=100&offset=0&order=volume&ascending=false&closed=false&tag_id=10342 "HTTP/2 200 OK"
2026-02-06 13:23:25,853 - httpx - INFO - HTTP Request: GET https://gamma-api.polymarket.com/markets?limit=100&offset=0&order=volume&ascending=false&closed=false&tag_id=10346 "HTTP/2 200 OK"
2026-02-06 13:23:25,854 - httpx - INFO - HTTP Request: GET https://gamma-api.polymarket.com/markets?limit=100&offset=0&order=volume&ascending=false&closed=false&tag_id=10339 "HTTP/2 200 OK"
2026-02-06 13:23:25,873 - httpx - INFO - HTTP Request: GET https://gamma-api.polymarket.com/markets?limit=100&offset=0&order=volume&ascending=false&closed=false&tag_id=100008 "HTTP/2 200 OK"
2026-02-06 13:23:26,626 - httpx - INFO - HTTP Request: GET https://gamma-api.polymarket.com/markets?limit=100&offset=0&order=volume&ascending=false&closed=false&tag_id=100109 "HTTP/2 200 OK"
2026-02-06 13:23:26,634 - httpx - INFO - HTTP Request: GET https://gamma-api.polymarket.com/markets?limit=100&offset=0&order=volume&ascending=false&closed=false&tag_id=10452 "HTTP/2 200 OK"
2026-02-06 13:23:26,659 - httpx - INFO - HTTP Request: GET https://gamma-api.polymarket.com/markets?limit=100&offset=0&order=volume&ascending=false&closed=false&tag_id=10349 "HTTP/2 200 OK"
2026-02-06 13:23:26,695 - httpx - INFO - HTTP Request: GET https://gamma-api.polymarket.com/markets?limit=100&offset=0&order=volume&ascending=false&closed=false&tag_id=100127 "HTTP/2 200 OK"
2026-02-06 13:23:26,701 - httpx - INFO - HTTP Request: GET https://gamma-api.polymarket.com/markets?limit=100&offset=0&order=volume&ascending=false&closed=false&tag_id=100128 "HTTP/2 200 OK"
2026-02-06 13:23:26,715 - httpx - INFO - HTTP Request: GET https://gamma-api.polymarket.com/markets?limit=100&offset=0&order=volume&ascending=false&closed=false "HTTP/2 200 OK"
2026-02-06 13:23:26,721 - httpx - INFO - HTTP Request: GET https://gamma-api.polymarket.com/markets?limit=100&offset=0&order=volume&ascending=false&closed=false&tag_id=100650 "HTTP/2 200 OK"
2026-02-06 13:23:26,732 - httpx - INFO - HTTP Request: GET https://gamma-api.polymarket.com/markets?limit=100&offset=0&order=volume&ascending=false&closed=false&tag_id=100028 "HTTP/2 200 OK"
2026-02-06 13:23:26,819 - httpx - INFO - HTTP Request: GET https://gamma-api.polymarket.com/markets?limit=100&offset=0&order=volume&ascending=false&closed=false&tag_id=100639 "HTTP/2 200 OK"
2026-02-06 13:23:27,205 - httpx - INFO - HTTP Request: GET https://gamma-api.polymarket.com/markets?limit=100&offset=100&order=volume&ascending=false&closed=false "HTTP/2 200 OK"
2026-02-06 13:23:27,357 - httpx - INFO - HTTP Request: GET https://gamma-api.polymarket.com/markets?limit=100&offset=100&order=volume&ascending=false&closed=false&tag_id=100639 "HTTP/2 200 OK"
2026-02-06 13:23:27,612 - httpx - INFO - HTTP Request: GET https://gamma-api.polymarket.com/markets?limit=100&offset=200&order=volume&ascending=false&closed=false "HTTP/2 200 OK"
2026-02-06 13:23:28,056 - httpx - INFO - HTTP Request: GET https://gamma-api.polymarket.com/markets?limit=100&offset=300&order=volume&ascending=false&closed=false "HTTP/2 200 OK"
2026-02-06 13:23:28,447 - httpx - INFO - HTTP Request: GET https://gamma-api.polymarket.com/markets?limit=100&offset=400&order=volume&ascending=false&closed=false "HTTP/2 200 OK"
2026-02-06 13:23:29,010 - httpx - INFO - HTTP Request: GET https://gamma-api.polymarket.com/markets?limit=100&offset=500&order=volume&ascending=false&closed=false "HTTP/2 200 OK"
2026-02-06 13:23:29,408 - httpx - INFO - HTTP Request: GET https://gamma-api.polymarket.com/markets?limit=100&offset=600&order=volume&ascending=false&closed=false "HTTP/2 200 OK"
2026-02-06 13:23:29,898 - httpx - INFO - HTTP Request: GET https://gamma-api.polymarket.com/markets?limit=100&offset=700&order=volume&ascending=false&closed=false "HTTP/2 200 OK"
2026-02-06 13:23:30,355 - httpx - INFO - HTTP Request: GET https://gamma-api.polymarket.com/markets?limit=100&offset=800&order=volume&ascending=false&closed=false "HTTP/2 200 OK"
2026-02-06 13:23:30,856 - httpx - INFO - HTTP Request: GET https://gamma-api.polymarket.com/markets?limit=100&offset=900&order=volume&ascending=false&closed=false "HTTP/2 200 OK"
2026-02-06 13:23:31,306 - httpx - INFO - HTTP Request: GET https://gamma-api.polymarket.com/markets?limit=100&offset=1000&order=volume&ascending=false&closed=false "HTTP/2 200 OK"
2026-02-06 13:23:31,757 - httpx - INFO - HTTP Request: GET https://gamma-api.polymarket.com/markets?limit=100&offset=1100&order=volume&ascending=false&closed=false "HTTP/2 200 OK"
2026-02-06 13:23:32,376 - httpx - INFO - HTTP Request: GET https://gamma-api.polymarket.com/markets?limit=100&offset=1200&order=volume&ascending=false&closed=false "HTTP/2 200 OK"
2026-02-06 13:23:33,110 - httpx - INFO - HTTP Request: GET https://gamma-api.polymarket.com/markets?limit=100&offset=1300&order=volume&ascending=false&closed=false "HTTP/2 200 OK"
2026-02-06 13:23:33,975 - httpx - INFO - HTTP Request: GET https://gamma-api.polymarket.com/markets?limit=100&offset=1400&order=volume&ascending=false&closed=false "HTTP/2 200 OK"
2026-02-06 13:23:34,954 - httpx - INFO - HTTP Request: GET https://gamma-api.polymarket.com/markets?limit=100&offset=1500&order=volume&ascending=false&closed=false "HTTP/2 200 OK"
2026-02-06 13:23:35,669 - httpx - INFO - HTTP Request: GET https://gamma-api.polymarket.com/markets?limit=100&offset=1600&order=volume&ascending=false&closed=false "HTTP/2 200 OK"
2026-02-06 13:23:36,323 - httpx - INFO - HTTP Request: GET https://gamma-api.polymarket.com/markets?limit=100&offset=1700&order=volume&ascending=false&closed=false "HTTP/2 200 OK"
2026-02-06 13:23:37,229 - httpx - INFO - HTTP Request: GET https://gamma-api.polymarket.com/markets?limit=100&offset=1800&order=volume&ascending=false&closed=false "HTTP/2 200 OK"
2026-02-06 13:23:37,870 - httpx - INFO - HTTP Request: GET https://gamma-api.polymarket.com/markets?limit=100&offset=1900&order=volume&ascending=false&closed=false "HTTP/2 200 OK"
2026-02-06 13:23:37,914 - src.data.gamma_client - INFO - [Polymarket] \u2705 INGESTION COMPLETE: 359 valid entries.
>> [Warmup] Final: 127 mappings | 84 WSS tokens.
2026-02-06 13:23:38,211 - src.data.betfair_client - INFO - [Betfair] SSL client initialized (HTTP/1.1 Forced)
2026-02-06 13:23:38,211 - src.data.betfair_client - INFO - [Betfair] Attempting cert login via https://identitysso-cert.betfair.es/api/certlogin...
2026-02-06 13:23:38,558 - httpx - INFO - HTTP Request: POST https://identitysso-cert.betfair.es/api/certlogin "HTTP/1.1 200 OK"
2026-02-06 13:23:38,560 - src.data.betfair_client - INFO - [Betfair] Login SUCCESS (Jurisdiction: SPAIN)
2026-02-06 13:23:38,561 - CacheManager - INFO - [Cache] RAM Loaded: 127 market mappings
2026-02-06 13:23:38,565 - CacheManager - INFO - [Cache] RAM Loaded: 7713 entities across 11 sports
2026-02-06 13:23:38,566 - RealTimeScanner - INFO - Loaded 127 mappings into RealTime Engine.
>> [System] CONNECTING TO STREAMS...
2026-02-06 13:23:38,630 - src.utils.async_patterns - INFO - Started 2 workers for queue processing.
2026-02-06 13:23:38,630 - RealTimeScanner - INFO - RealTimeScanner Engine Active.
2026-02-06 13:23:38,849 - src.data.wss_manager - INFO - [BetfairStream] Authenticated.
2026-02-06 13:23:38,868 - src.data.wss_manager - INFO - [PolymarketStream] Connected and subscribed to 84 tokens
2026-02-06 13:24:39,223 - src.data.wss_manager - INFO - [BetfairStream] Authenticated.
2026-02-06 13:25:39,762 - src.data.wss_manager - INFO - [BetfairStream] Authenticated.
2026-02-06 13:26:40,650 - src.data.wss_manager - INFO - [BetfairStream] Authenticated.
2026-02-06 13:27:44,241 - src.data.wss_manager - INFO - [BetfairStream] Authenticated.
2026-02-06 13:28:44,682 - src.data.wss_manager - INFO - [BetfairStream] Authenticated.
2026-02-06 13:29:44,969 - src.data.wss_manager - INFO - [BetfairStream] Authenticated.
2026-02-06 13:30:45,405 - src.data.wss_manager - INFO - [BetfairStream] Authenticated.
2026-02-06 13:31:45,740 - src.data.wss_manager - INFO - [BetfairStream] Authenticated.
2026-02-06 13:32:46,052 - src.data.wss_manager - INFO - [BetfairStream] Authenticated.
2026-02-06 13:33:46,369 - src.data.wss_manager - INFO - [BetfairStream] Authenticated.
2026-02-06 13:34:46,659 - src.data.wss_manager - INFO - [BetfairStream] Authenticated.
2026-02-06 13:35:46,996 - src.data.wss_manager - INFO - [BetfairStream] Authenticated.
2026-02-06 13:36:47,346 - src.data.wss_manager - INFO - [BetfairStream] Authenticated.
2026-02-06 13:37:47,870 - src.data.wss_manager - INFO - [BetfairStream] Authenticated.
